Archive member included to satisfy reference by file (symbol)

/usr/lib/gcc/avr/7.2.0/avr5/libgcc.a(_exit.o)
                              /usr/lib/gcc/avr/7.2.0/../../../../avr/lib/avr5/crtatmega32u4.o (exit)
/usr/lib/gcc/avr/7.2.0/avr5/libgcc.a(_copy_data.o)
                              aes.o (__do_copy_data)
/usr/lib/gcc/avr/7.2.0/avr5/libgcc.a(_clear_bss.o)
                              aes.o (__do_clear_bss)

Allocating common symbols
Common symbol       size              file

current_byte        0x2               Caterina.o
imagesize           0x2               Caterina.o
ctx                 0xc0              aes.o
buffer              0x20              Caterina.o
read_data           0x1               Caterina.o
strAddr             0x4               Caterina.o
nextAddress         0x2               Caterina.o
firmware_length     0x2               Caterina.o

Discarded input sections

 .data          0x0000000000000000        0x0 /usr/lib/gcc/avr/7.2.0/../../../../avr/lib/avr5/crtatmega32u4.o
 .bss           0x0000000000000000        0x0 /usr/lib/gcc/avr/7.2.0/../../../../avr/lib/avr5/crtatmega32u4.o
 .text          0x0000000000000000        0x0 spi_flash.o
 .data          0x0000000000000000        0x0 spi_flash.o
 .bss           0x0000000000000000        0x0 spi_flash.o
 .text          0x0000000000000000        0x0 aes.o
 .bss           0x0000000000000000        0x0 aes.o
 .text          0x0000000000000000        0x0 Caterina.o
 .bss           0x0000000000000000        0x0 Caterina.o
 .text.EraseBootPage
                0x0000000000000000       0x2e Caterina.o
 .text.crc8     0x0000000000000000        0xa Caterina.o
 .text          0x0000000000000000        0x0 /usr/lib/gcc/avr/7.2.0/avr5/libgcc.a(_exit.o)
 .data          0x0000000000000000        0x0 /usr/lib/gcc/avr/7.2.0/avr5/libgcc.a(_exit.o)
 .bss           0x0000000000000000        0x0 /usr/lib/gcc/avr/7.2.0/avr5/libgcc.a(_exit.o)
 .text.libgcc.mul
                0x0000000000000000        0x0 /usr/lib/gcc/avr/7.2.0/avr5/libgcc.a(_exit.o)
 .text.libgcc.div
                0x0000000000000000        0x0 /usr/lib/gcc/avr/7.2.0/avr5/libgcc.a(_exit.o)
 .text.libgcc   0x0000000000000000        0x0 /usr/lib/gcc/avr/7.2.0/avr5/libgcc.a(_exit.o)
 .text.libgcc.prologue
                0x0000000000000000        0x0 /usr/lib/gcc/avr/7.2.0/avr5/libgcc.a(_exit.o)
 .text.libgcc.builtins
                0x0000000000000000        0x0 /usr/lib/gcc/avr/7.2.0/avr5/libgcc.a(_exit.o)
 .text.libgcc.fmul
                0x0000000000000000        0x0 /usr/lib/gcc/avr/7.2.0/avr5/libgcc.a(_exit.o)
 .text.libgcc.fixed
                0x0000000000000000        0x0 /usr/lib/gcc/avr/7.2.0/avr5/libgcc.a(_exit.o)
 .text          0x0000000000000000        0x0 /usr/lib/gcc/avr/7.2.0/avr5/libgcc.a(_copy_data.o)
 .data          0x0000000000000000        0x0 /usr/lib/gcc/avr/7.2.0/avr5/libgcc.a(_copy_data.o)
 .bss           0x0000000000000000        0x0 /usr/lib/gcc/avr/7.2.0/avr5/libgcc.a(_copy_data.o)
 .text.libgcc.mul
                0x0000000000000000        0x0 /usr/lib/gcc/avr/7.2.0/avr5/libgcc.a(_copy_data.o)
 .text.libgcc.div
                0x0000000000000000        0x0 /usr/lib/gcc/avr/7.2.0/avr5/libgcc.a(_copy_data.o)
 .text.libgcc   0x0000000000000000        0x0 /usr/lib/gcc/avr/7.2.0/avr5/libgcc.a(_copy_data.o)
 .text.libgcc.prologue
                0x0000000000000000        0x0 /usr/lib/gcc/avr/7.2.0/avr5/libgcc.a(_copy_data.o)
 .text.libgcc.builtins
                0x0000000000000000        0x0 /usr/lib/gcc/avr/7.2.0/avr5/libgcc.a(_copy_data.o)
 .text.libgcc.fmul
                0x0000000000000000        0x0 /usr/lib/gcc/avr/7.2.0/avr5/libgcc.a(_copy_data.o)
 .text.libgcc.fixed
                0x0000000000000000        0x0 /usr/lib/gcc/avr/7.2.0/avr5/libgcc.a(_copy_data.o)
 .text          0x0000000000000000        0x0 /usr/lib/gcc/avr/7.2.0/avr5/libgcc.a(_clear_bss.o)
 .data          0x0000000000000000        0x0 /usr/lib/gcc/avr/7.2.0/avr5/libgcc.a(_clear_bss.o)
 .bss           0x0000000000000000        0x0 /usr/lib/gcc/avr/7.2.0/avr5/libgcc.a(_clear_bss.o)
 .text.libgcc.mul
                0x0000000000000000        0x0 /usr/lib/gcc/avr/7.2.0/avr5/libgcc.a(_clear_bss.o)
 .text.libgcc.div
                0x0000000000000000        0x0 /usr/lib/gcc/avr/7.2.0/avr5/libgcc.a(_clear_bss.o)
 .text.libgcc   0x0000000000000000        0x0 /usr/lib/gcc/avr/7.2.0/avr5/libgcc.a(_clear_bss.o)
 .text.libgcc.prologue
                0x0000000000000000        0x0 /usr/lib/gcc/avr/7.2.0/avr5/libgcc.a(_clear_bss.o)
 .text.libgcc.builtins
                0x0000000000000000        0x0 /usr/lib/gcc/avr/7.2.0/avr5/libgcc.a(_clear_bss.o)
 .text.libgcc.fmul
                0x0000000000000000        0x0 /usr/lib/gcc/avr/7.2.0/avr5/libgcc.a(_clear_bss.o)
 .text.libgcc.fixed
                0x0000000000000000        0x0 /usr/lib/gcc/avr/7.2.0/avr5/libgcc.a(_clear_bss.o)

Memory Configuration

Name             Origin             Length             Attributes
text             0x0000000000000000 0x0000000000020000 xr
data             0x0000000000800060 0x000000000000ffa0 rw !x
eeprom           0x0000000000810000 0x0000000000010000 rw !x
fuse             0x0000000000820000 0x0000000000000003 rw !x
lock             0x0000000000830000 0x0000000000000400 rw !x
signature        0x0000000000840000 0x0000000000000400 rw !x
user_signatures  0x0000000000850000 0x0000000000000400 rw !x
*default*        0x0000000000000000 0xffffffffffffffff

Linker script and memory map

Address of section .data set to 0x800100
LOAD /usr/lib/gcc/avr/7.2.0/../../../../avr/lib/avr5/crtatmega32u4.o
LOAD spi_flash.o
LOAD aes.o
LOAD Caterina.o
Address of section .text set to 0x7000
LOAD /usr/lib/gcc/avr/7.2.0/../../../../avr/lib/avr5/libm.a
START GROUP
LOAD /usr/lib/gcc/avr/7.2.0/avr5/libgcc.a
LOAD /usr/lib/gcc/avr/7.2.0/../../../../avr/lib/avr5/libm.a
LOAD /usr/lib/gcc/avr/7.2.0/../../../../avr/lib/avr5/libc.a
LOAD /usr/lib/gcc/avr/7.2.0/../../../../avr/lib/avr5/libatmega32u4.a
END GROUP
                0x0000000000020000                __TEXT_REGION_LENGTH__ = DEFINED (__TEXT_REGION_LENGTH__)?__TEXT_REGION_LENGTH__:0x20000
                0x000000000000ffa0                __DATA_REGION_LENGTH__ = DEFINED (__DATA_REGION_LENGTH__)?__DATA_REGION_LENGTH__:0xffa0
                0x0000000000010000                __EEPROM_REGION_LENGTH__ = DEFINED (__EEPROM_REGION_LENGTH__)?__EEPROM_REGION_LENGTH__:0x10000
                [0x0000000000000003]                __FUSE_REGION_LENGTH__ = DEFINED (__FUSE_REGION_LENGTH__)?__FUSE_REGION_LENGTH__:0x400
                0x0000000000000400                __LOCK_REGION_LENGTH__ = DEFINED (__LOCK_REGION_LENGTH__)?__LOCK_REGION_LENGTH__:0x400
                0x0000000000000400                __SIGNATURE_REGION_LENGTH__ = DEFINED (__SIGNATURE_REGION_LENGTH__)?__SIGNATURE_REGION_LENGTH__:0x400
                0x0000000000000400                __USER_SIGNATURE_REGION_LENGTH__ = DEFINED (__USER_SIGNATURE_REGION_LENGTH__)?__USER_SIGNATURE_REGION_LENGTH__:0x400

.hash
 *(.hash)

.dynsym
 *(.dynsym)

.dynstr
 *(.dynstr)

.gnu.version
 *(.gnu.version)

.gnu.version_d
 *(.gnu.version_d)

.gnu.version_r
 *(.gnu.version_r)

.rel.init
 *(.rel.init)

.rela.init
 *(.rela.init)

.rel.text
 *(.rel.text)
 *(.rel.text.*)
 *(.rel.gnu.linkonce.t*)

.rela.text
 *(.rela.text)
 *(.rela.text.*)
 *(.rela.gnu.linkonce.t*)

.rel.fini
 *(.rel.fini)

.rela.fini
 *(.rela.fini)

.rel.rodata
 *(.rel.rodata)
 *(.rel.rodata.*)
 *(.rel.gnu.linkonce.r*)

.rela.rodata
 *(.rela.rodata)
 *(.rela.rodata.*)
 *(.rela.gnu.linkonce.r*)

.rel.data
 *(.rel.data)
 *(.rel.data.*)
 *(.rel.gnu.linkonce.d*)

.rela.data
 *(.rela.data)
 *(.rela.data.*)
 *(.rela.gnu.linkonce.d*)

.rel.ctors
 *(.rel.ctors)

.rela.ctors
 *(.rela.ctors)

.rel.dtors
 *(.rel.dtors)

.rela.dtors
 *(.rela.dtors)

.rel.got
 *(.rel.got)

.rela.got
 *(.rela.got)

.rel.bss
 *(.rel.bss)

.rela.bss
 *(.rela.bss)

.rel.plt
 *(.rel.plt)

.rela.plt
 *(.rela.plt)

.text           0x0000000000007000      0x826
 *(.vectors)
 .vectors       0x0000000000007000       0xac /usr/lib/gcc/avr/7.2.0/../../../../avr/lib/avr5/crtatmega32u4.o
                0x0000000000007000                __vectors
                0x0000000000007000                __vector_default
 *(.vectors)
 *(.progmem.gcc*)
                0x00000000000070ac                . = ALIGN (0x2)
                0x00000000000070ac                __trampolines_start = .
 *(.trampolines)
 .trampolines   0x00000000000070ac        0x0 linker stubs
 *(.trampolines*)
                0x00000000000070ac                __trampolines_end = .
 *libprintf_flt.a:*(.progmem.data)
 *libc.a:*(.progmem.data)
 *(.progmem*)
                0x00000000000070ac                . = ALIGN (0x2)
 *(.jumptables)
 *(.jumptables*)
 *(.lowtext)
 *(.lowtext*)
                0x00000000000070ac                __ctors_start = .
 *(.ctors)
                0x00000000000070ac                __ctors_end = .
                0x00000000000070ac                __dtors_start = .
 *(.dtors)
                0x00000000000070ac                __dtors_end = .
 SORT(*)(.ctors)
 SORT(*)(.dtors)
 *(.init0)
 .init0         0x00000000000070ac        0x0 /usr/lib/gcc/avr/7.2.0/../../../../avr/lib/avr5/crtatmega32u4.o
                0x00000000000070ac                __init
 *(.init0)
 *(.init1)
 *(.init1)
 *(.init2)
 .init2         0x00000000000070ac        0xc /usr/lib/gcc/avr/7.2.0/../../../../avr/lib/avr5/crtatmega32u4.o
 *(.init2)
 *(.init3)
 *(.init3)
 *(.init4)
 .init4         0x00000000000070b8       0x16 /usr/lib/gcc/avr/7.2.0/avr5/libgcc.a(_copy_data.o)
                0x00000000000070b8                __do_copy_data
 .init4         0x00000000000070ce       0x10 /usr/lib/gcc/avr/7.2.0/avr5/libgcc.a(_clear_bss.o)
                0x00000000000070ce                __do_clear_bss
 *(.init4)
 *(.init5)
 *(.init5)
 *(.init6)
 *(.init6)
 *(.init7)
 *(.init7)
 *(.init8)
 *(.init8)
 *(.init9)
 .init9         0x00000000000070de        0x4 /usr/lib/gcc/avr/7.2.0/../../../../avr/lib/avr5/crtatmega32u4.o
 *(.init9)
 *(.text)
 .text          0x00000000000070e2        0x2 /usr/lib/gcc/avr/7.2.0/../../../../avr/lib/avr5/crtatmega32u4.o
                0x00000000000070e2                __vector_38
                0x00000000000070e2                __vector_22
                0x00000000000070e2                __vector_28
                0x00000000000070e2                __vector_1
                0x00000000000070e2                __vector_32
                0x00000000000070e2                __vector_34
                0x00000000000070e2                __vector_24
                0x00000000000070e2                __vector_12
                0x00000000000070e2                __bad_interrupt
                0x00000000000070e2                __vector_6
                0x00000000000070e2                __vector_31
                0x00000000000070e2                __vector_35
                0x00000000000070e2                __vector_39
                0x00000000000070e2                __vector_3
                0x00000000000070e2                __vector_23
                0x00000000000070e2                __vector_30
                0x00000000000070e2                __vector_25
                0x00000000000070e2                __vector_11
                0x00000000000070e2                __vector_13
                0x00000000000070e2                __vector_17
                0x00000000000070e2                __vector_19
                0x00000000000070e2                __vector_7
                0x00000000000070e2                __vector_41
                0x00000000000070e2                __vector_27
                0x00000000000070e2                __vector_5
                0x00000000000070e2                __vector_33
                0x00000000000070e2                __vector_37
                0x00000000000070e2                __vector_4
                0x00000000000070e2                __vector_9
                0x00000000000070e2                __vector_2
                0x00000000000070e2                __vector_21
                0x00000000000070e2                __vector_15
                0x00000000000070e2                __vector_36
                0x00000000000070e2                __vector_29
                0x00000000000070e2                __vector_40
                0x00000000000070e2                __vector_8
                0x00000000000070e2                __vector_26
                0x00000000000070e2                __vector_14
                0x00000000000070e2                __vector_10
                0x00000000000070e2                __vector_16
                0x00000000000070e2                __vector_18
                0x00000000000070e2                __vector_20
                0x00000000000070e2                __vector_42
                0x00000000000070e4                . = ALIGN (0x2)
 *(.text.*)
 .text.SPI_transfer
                0x00000000000070e4        0xe spi_flash.o
                0x00000000000070e4                SPI_transfer
 .text.FLASH_busy
                0x00000000000070f2       0x10 spi_flash.o
                0x00000000000070f2                FLASH_busy
 .text.readDeviceId
                0x0000000000007102       0x28 spi_flash.o
                0x0000000000007102                readDeviceId
 .text.SPI_init
                0x000000000000712a       0x22 spi_flash.o
                0x000000000000712a                SPI_init
 .text.Flash_readByteArray
                0x000000000000714c       0x5a spi_flash.o
                0x000000000000714c                Flash_readByteArray
 .text.FLASH_readByte
                0x00000000000071a6       0x30 spi_flash.o
                0x00000000000071a6                FLASH_readByte
 .text.AddRoundKey
                0x00000000000071d6       0x48 aes.o
 .text.xtime    0x000000000000721e       0x16 aes.o
 .text.InvSubBytes
                0x0000000000007234       0x4a aes.o
 .text.AES_init_ctx_iv
                0x000000000000727e      0x11a aes.o
                0x000000000000727e                AES_init_ctx_iv
 .text.AES_CBC_decrypt_buffer
                0x0000000000007398      0x25a aes.o
                0x0000000000007398                AES_CBC_decrypt_buffer
 .text.StartSketch
                0x00000000000075f2       0x1c Caterina.o
                0x00000000000075f2                StartSketch
 .text.Init     0x000000000000760e       0x44 Caterina.o
                0x000000000000760e                Init
 .text.line_checksum
                0x0000000000007652       0xc2 Caterina.o
                0x0000000000007652                line_checksum
 .text.SPI_FlashImage
                0x0000000000007714       0xc2 Caterina.o
                0x0000000000007714                SPI_FlashImage
 .text.startup.main
                0x00000000000077d6       0x4c Caterina.o
                0x00000000000077d6                main
                0x0000000000007822                . = ALIGN (0x2)
 *(.fini9)
 .fini9         0x0000000000007822        0x0 /usr/lib/gcc/avr/7.2.0/avr5/libgcc.a(_exit.o)
                0x0000000000007822                exit
                0x0000000000007822                _exit
 *(.fini9)
 *(.fini8)
 *(.fini8)
 *(.fini7)
 *(.fini7)
 *(.fini6)
 *(.fini6)
 *(.fini5)
 *(.fini5)
 *(.fini4)
 *(.fini4)
 *(.fini3)
 *(.fini3)
 *(.fini2)
 *(.fini2)
 *(.fini1)
 *(.fini1)
 *(.fini0)
 .fini0         0x0000000000007822        0x4 /usr/lib/gcc/avr/7.2.0/avr5/libgcc.a(_exit.o)
 *(.fini0)
                0x0000000000007826                _etext = .

.data           0x0000000000800100       0x2c load address 0x0000000000007826
                0x0000000000800100                PROVIDE (__data_start, .)
 *(.data)
 .data          0x0000000000800100       0x20 aes.o
                0x0000000000800100                iv
                0x0000000000800110                key
 .data          0x0000000000800120        0x1 Caterina.o
 *(.data*)
 *(.rodata)
 .rodata        0x0000000000800121        0xb aes.o
 *(.rodata*)
 *(.gnu.linkonce.d*)
                0x000000000080012c                . = ALIGN (0x2)
                0x000000000080012c                _edata = .
                0x000000000080012c                PROVIDE (__data_end, .)

.bss            0x000000000080012c       0xed
                0x000000000080012c                PROVIDE (__bss_start, .)
 *(.bss)
 *(.bss*)
 *(COMMON)
 COMMON         0x000000000080012c       0xc0 aes.o
                0x000000000080012c                ctx
 COMMON         0x00000000008001ec       0x2d Caterina.o
                0x00000000008001ec                current_byte
                0x00000000008001ee                imagesize
                0x00000000008001f0                buffer
                0x0000000000800210                read_data
                0x0000000000800211                strAddr
                0x0000000000800215                nextAddress
                0x0000000000800217                firmware_length
                0x0000000000800219                PROVIDE (__bss_end, .)
                0x0000000000007826                __data_load_start = LOADADDR (.data)
                0x0000000000007852                __data_load_end = (__data_load_start + SIZEOF (.data))

.noinit         0x0000000000800219        0x0
                [!provide]                        PROVIDE (__noinit_start, .)
 *(.noinit*)
                [!provide]                        PROVIDE (__noinit_end, .)
                0x0000000000800219                _end = .
                [!provide]                        PROVIDE (__heap_start, .)

.eeprom         0x0000000000810000        0x0
 *(.eeprom*)
                0x0000000000810000                __eeprom_end = .

.fuse
 *(.fuse)
 *(.lfuse)
 *(.hfuse)
 *(.efuse)

.lock
 *(.lock*)

.signature
 *(.signature*)

.stab           0x0000000000000000      0x204
 *(.stab)
 .stab          0x0000000000000000       0x78 /usr/lib/gcc/avr/7.2.0/avr5/libgcc.a(_exit.o)
 .stab          0x0000000000000078       0xd8 /usr/lib/gcc/avr/7.2.0/avr5/libgcc.a(_copy_data.o)
                                         0xe4 (size before relaxing)
 .stab          0x0000000000000150       0xb4 /usr/lib/gcc/avr/7.2.0/avr5/libgcc.a(_clear_bss.o)
                                         0xc0 (size before relaxing)

.stabstr        0x0000000000000000       0x9c
 *(.stabstr)
 .stabstr       0x0000000000000000       0x9c /usr/lib/gcc/avr/7.2.0/avr5/libgcc.a(_exit.o)

.stab.excl
 *(.stab.excl)

.stab.exclstr
 *(.stab.exclstr)

.stab.index
 *(.stab.index)

.stab.indexstr
 *(.stab.indexstr)

.comment        0x0000000000000000       0x21
 *(.comment)
 .comment       0x0000000000000000       0x21 spi_flash.o
                                         0x22 (size before relaxing)
 .comment       0x0000000000000021       0x22 aes.o
 .comment       0x0000000000000021       0x22 Caterina.o

.note.gnu.avr.deviceinfo
                0x0000000000000000       0x40
 .note.gnu.avr.deviceinfo
                0x0000000000000000       0x40 /usr/lib/gcc/avr/7.2.0/../../../../avr/lib/avr5/crtatmega32u4.o

.note.gnu.build-id
 *(.note.gnu.build-id)

.debug
 *(.debug)

.line
 *(.line)

.debug_srcinfo
 *(.debug_srcinfo)

.debug_sfnames
 *(.debug_sfnames)

.debug_aranges  0x0000000000000000       0xd8
 *(.debug_aranges)
 .debug_aranges
                0x0000000000000000       0x48 spi_flash.o
 .debug_aranges
                0x0000000000000048       0x40 aes.o
 .debug_aranges
                0x0000000000000088       0x50 Caterina.o

.debug_pubnames
 *(.debug_pubnames)

.debug_info     0x0000000000000000     0x196f
 *(.debug_info .gnu.linkonce.wi.*)
 .debug_info    0x0000000000000000      0x9f4 /usr/lib/gcc/avr/7.2.0/../../../../avr/lib/avr5/crtatmega32u4.o
 .debug_info    0x00000000000009f4      0x320 spi_flash.o
 .debug_info    0x0000000000000d14      0x781 aes.o
 .debug_info    0x0000000000001495      0x4da Caterina.o

.debug_abbrev   0x0000000000000000      0xeef
 *(.debug_abbrev)
 .debug_abbrev  0x0000000000000000      0x96a /usr/lib/gcc/avr/7.2.0/../../../../avr/lib/avr5/crtatmega32u4.o
 .debug_abbrev  0x000000000000096a      0x115 spi_flash.o
 .debug_abbrev  0x0000000000000a7f      0x219 aes.o
 .debug_abbrev  0x0000000000000c98      0x257 Caterina.o

.debug_line     0x0000000000000000      0x81d
 *(.debug_line .debug_line.* .debug_line_end)
 .debug_line    0x0000000000000000       0x1d /usr/lib/gcc/avr/7.2.0/../../../../avr/lib/avr5/crtatmega32u4.o
 .debug_line    0x000000000000001d      0x1d1 spi_flash.o
 .debug_line    0x00000000000001ee      0x324 aes.o
 .debug_line    0x0000000000000512      0x30b Caterina.o

.debug_frame    0x0000000000000000      0x2ac
 *(.debug_frame)
 .debug_frame   0x0000000000000000       0xb8 spi_flash.o
 .debug_frame   0x00000000000000b8      0x160 aes.o
 .debug_frame   0x0000000000000218       0x94 Caterina.o

.debug_str      0x0000000000000000      0x712
 *(.debug_str)
 .debug_str     0x0000000000000000      0x371 /usr/lib/gcc/avr/7.2.0/../../../../avr/lib/avr5/crtatmega32u4.o
 .debug_str     0x0000000000000371      0x1dd spi_flash.o
                                        0x216 (size before relaxing)
 .debug_str     0x000000000000054e       0xcf aes.o
                                        0x278 (size before relaxing)
 .debug_str     0x000000000000061d       0xf5 Caterina.o
                                        0x2ff (size before relaxing)

.debug_loc      0x0000000000000000      0xc52
 *(.debug_loc)
 .debug_loc     0x0000000000000000      0x20b spi_flash.o
 .debug_loc     0x000000000000020b      0x8e7 aes.o
 .debug_loc     0x0000000000000af2      0x160 Caterina.o

.debug_macinfo
 *(.debug_macinfo)

.debug_weaknames
 *(.debug_weaknames)

.debug_funcnames
 *(.debug_funcnames)

.debug_typenames
 *(.debug_typenames)

.debug_varnames
 *(.debug_varnames)

.debug_pubtypes
 *(.debug_pubtypes)

.debug_ranges   0x0000000000000000      0x100
 *(.debug_ranges)
 .debug_ranges  0x0000000000000000       0x50 spi_flash.o
 .debug_ranges  0x0000000000000050       0x30 aes.o
 .debug_ranges  0x0000000000000080       0x80 Caterina.o

.debug_macro
 *(.debug_macro)

.debug_addr
 *(.debug_addr)
OUTPUT(Arduino-Leonardo.elf elf32-avr)
LOAD linker stubs

Cross Reference Table

Symbol                                            File
AES_CBC_decrypt_buffer                            aes.o
                                                  Caterina.o
AES_init_ctx_iv                                   aes.o
                                                  Caterina.o
EraseBootPage                                     Caterina.o
FLASH_busy                                        spi_flash.o
FLASH_readByte                                    spi_flash.o
                                                  Caterina.o
                                                  aes.o
Flash_readByteArray                               spi_flash.o
                                                  Caterina.o
Init                                              Caterina.o
SPI_FlashImage                                    Caterina.o
SPI_init                                          spi_flash.o
                                                  Caterina.o
SPI_transfer                                      spi_flash.o
StartSketch                                       Caterina.o
__FUSE_REGION_LENGTH__                            /usr/lib/gcc/avr/7.2.0/../../../../avr/lib/avr5/crtatmega32u4.o
__bad_interrupt                                   /usr/lib/gcc/avr/7.2.0/../../../../avr/lib/avr5/crtatmega32u4.o
__bss_end                                         /usr/lib/gcc/avr/7.2.0/avr5/libgcc.a(_clear_bss.o)
__bss_start                                       /usr/lib/gcc/avr/7.2.0/avr5/libgcc.a(_clear_bss.o)
__data_end                                        /usr/lib/gcc/avr/7.2.0/avr5/libgcc.a(_copy_data.o)
__data_load_start                                 /usr/lib/gcc/avr/7.2.0/avr5/libgcc.a(_copy_data.o)
__data_start                                      /usr/lib/gcc/avr/7.2.0/avr5/libgcc.a(_copy_data.o)
__do_clear_bss                                    /usr/lib/gcc/avr/7.2.0/avr5/libgcc.a(_clear_bss.o)
                                                  Caterina.o
                                                  aes.o
__do_copy_data                                    /usr/lib/gcc/avr/7.2.0/avr5/libgcc.a(_copy_data.o)
                                                  Caterina.o
                                                  aes.o
__heap_end                                        /usr/lib/gcc/avr/7.2.0/../../../../avr/lib/avr5/crtatmega32u4.o
__init                                            /usr/lib/gcc/avr/7.2.0/../../../../avr/lib/avr5/crtatmega32u4.o
__stack                                           /usr/lib/gcc/avr/7.2.0/../../../../avr/lib/avr5/crtatmega32u4.o
__vector_1                                        /usr/lib/gcc/avr/7.2.0/../../../../avr/lib/avr5/crtatmega32u4.o
__vector_10                                       /usr/lib/gcc/avr/7.2.0/../../../../avr/lib/avr5/crtatmega32u4.o
__vector_11                                       /usr/lib/gcc/avr/7.2.0/../../../../avr/lib/avr5/crtatmega32u4.o
__vector_12                                       /usr/lib/gcc/avr/7.2.0/../../../../avr/lib/avr5/crtatmega32u4.o
__vector_13                                       /usr/lib/gcc/avr/7.2.0/../../../../avr/lib/avr5/crtatmega32u4.o
__vector_14                                       /usr/lib/gcc/avr/7.2.0/../../../../avr/lib/avr5/crtatmega32u4.o
__vector_15                                       /usr/lib/gcc/avr/7.2.0/../../../../avr/lib/avr5/crtatmega32u4.o
__vector_16                                       /usr/lib/gcc/avr/7.2.0/../../../../avr/lib/avr5/crtatmega32u4.o
__vector_17                                       /usr/lib/gcc/avr/7.2.0/../../../../avr/lib/avr5/crtatmega32u4.o
__vector_18                                       /usr/lib/gcc/avr/7.2.0/../../../../avr/lib/avr5/crtatmega32u4.o
__vector_19                                       /usr/lib/gcc/avr/7.2.0/../../../../avr/lib/avr5/crtatmega32u4.o
__vector_2                                        /usr/lib/gcc/avr/7.2.0/../../../../avr/lib/avr5/crtatmega32u4.o
__vector_20                                       /usr/lib/gcc/avr/7.2.0/../../../../avr/lib/avr5/crtatmega32u4.o
__vector_21                                       /usr/lib/gcc/avr/7.2.0/../../../../avr/lib/avr5/crtatmega32u4.o
__vector_22                                       /usr/lib/gcc/avr/7.2.0/../../../../avr/lib/avr5/crtatmega32u4.o
__vector_23                                       /usr/lib/gcc/avr/7.2.0/../../../../avr/lib/avr5/crtatmega32u4.o
__vector_24                                       /usr/lib/gcc/avr/7.2.0/../../../../avr/lib/avr5/crtatmega32u4.o
__vector_25                                       /usr/lib/gcc/avr/7.2.0/../../../../avr/lib/avr5/crtatmega32u4.o
__vector_26                                       /usr/lib/gcc/avr/7.2.0/../../../../avr/lib/avr5/crtatmega32u4.o
__vector_27                                       /usr/lib/gcc/avr/7.2.0/../../../../avr/lib/avr5/crtatmega32u4.o
__vector_28                                       /usr/lib/gcc/avr/7.2.0/../../../../avr/lib/avr5/crtatmega32u4.o
__vector_29                                       /usr/lib/gcc/avr/7.2.0/../../../../avr/lib/avr5/crtatmega32u4.o
__vector_3                                        /usr/lib/gcc/avr/7.2.0/../../../../avr/lib/avr5/crtatmega32u4.o
__vector_30                                       /usr/lib/gcc/avr/7.2.0/../../../../avr/lib/avr5/crtatmega32u4.o
__vector_31                                       /usr/lib/gcc/avr/7.2.0/../../../../avr/lib/avr5/crtatmega32u4.o
__vector_32                                       /usr/lib/gcc/avr/7.2.0/../../../../avr/lib/avr5/crtatmega32u4.o
__vector_33                                       /usr/lib/gcc/avr/7.2.0/../../../../avr/lib/avr5/crtatmega32u4.o
__vector_34                                       /usr/lib/gcc/avr/7.2.0/../../../../avr/lib/avr5/crtatmega32u4.o
__vector_35                                       /usr/lib/gcc/avr/7.2.0/../../../../avr/lib/avr5/crtatmega32u4.o
__vector_36                                       /usr/lib/gcc/avr/7.2.0/../../../../avr/lib/avr5/crtatmega32u4.o
__vector_37                                       /usr/lib/gcc/avr/7.2.0/../../../../avr/lib/avr5/crtatmega32u4.o
__vector_38                                       /usr/lib/gcc/avr/7.2.0/../../../../avr/lib/avr5/crtatmega32u4.o
__vector_39                                       /usr/lib/gcc/avr/7.2.0/../../../../avr/lib/avr5/crtatmega32u4.o
__vector_4                                        /usr/lib/gcc/avr/7.2.0/../../../../avr/lib/avr5/crtatmega32u4.o
__vector_40                                       /usr/lib/gcc/avr/7.2.0/../../../../avr/lib/avr5/crtatmega32u4.o
__vector_41                                       /usr/lib/gcc/avr/7.2.0/../../../../avr/lib/avr5/crtatmega32u4.o
__vector_42                                       /usr/lib/gcc/avr/7.2.0/../../../../avr/lib/avr5/crtatmega32u4.o
__vector_5                                        /usr/lib/gcc/avr/7.2.0/../../../../avr/lib/avr5/crtatmega32u4.o
__vector_6                                        /usr/lib/gcc/avr/7.2.0/../../../../avr/lib/avr5/crtatmega32u4.o
__vector_7                                        /usr/lib/gcc/avr/7.2.0/../../../../avr/lib/avr5/crtatmega32u4.o
__vector_8                                        /usr/lib/gcc/avr/7.2.0/../../../../avr/lib/avr5/crtatmega32u4.o
__vector_9                                        /usr/lib/gcc/avr/7.2.0/../../../../avr/lib/avr5/crtatmega32u4.o
__vector_default                                  /usr/lib/gcc/avr/7.2.0/../../../../avr/lib/avr5/crtatmega32u4.o
__vectors                                         /usr/lib/gcc/avr/7.2.0/../../../../avr/lib/avr5/crtatmega32u4.o
_exit                                             /usr/lib/gcc/avr/7.2.0/avr5/libgcc.a(_exit.o)
buffer                                            Caterina.o
crc8                                              Caterina.o
ctx                                               Caterina.o
                                                  aes.o
current_byte                                      Caterina.o
exit                                              /usr/lib/gcc/avr/7.2.0/avr5/libgcc.a(_exit.o)
                                                  /usr/lib/gcc/avr/7.2.0/../../../../avr/lib/avr5/crtatmega32u4.o
firmware_length                                   Caterina.o
imagesize                                         Caterina.o
iv                                                aes.o
                                                  Caterina.o
key                                               aes.o
                                                  Caterina.o
line_checksum                                     Caterina.o
main                                              Caterina.o
                                                  /usr/lib/gcc/avr/7.2.0/../../../../avr/lib/avr5/crtatmega32u4.o
nextAddress                                       Caterina.o
readDeviceId                                      spi_flash.o
read_data                                         Caterina.o
strAddr                                           Caterina.o
